[debug] [2025-11-28T05:33:32.514Z] ----------------------------------------------------------------------
[debug] [2025-11-28T05:33:33.089Z] Command:       C:\Program Files\nodejs\node.exe C:\Users\cash\AppData\Roaming\npm\node_modules\firebase-tools\lib\bin\firebase.js emulators:start
[debug] [2025-11-28T05:33:33.089Z] CLI Version:   14.26.0
[debug] [2025-11-28T05:33:33.090Z] Platform:      win32
[debug] [2025-11-28T05:33:33.090Z] Node Version:  v22.14.0
[debug] [2025-11-28T05:33:33.115Z] Time:          Fri Nov 28 2025 07:33:33 GMT+0200 (South Africa Standard Time)
[debug] [2025-11-28T05:33:33.115Z] ----------------------------------------------------------------------
[debug] 
[debug] [2025-11-28T05:33:35.641Z] > command requires scopes: ["email","openid","https://www.googleapis.com/auth/cloudplatformprojects.readonly","https://www.googleapis.com/auth/firebase","https://www.googleapis.com/auth/cloud-platform"]
[debug] [2025-11-28T05:33:35.643Z] > authorizing via signed-in user (zanokuhlehita3@gmail.com)
[debug] [2025-11-28T05:33:38.771Z] openjdk version "17.0.17" 2025-10-21 LTS

[debug] [2025-11-28T05:33:38.772Z] OpenJDK Runtime Environment Microsoft-12574423 (build 17.0.17+10-LTS)
OpenJDK 64-Bit Server VM Microsoft-12574423 (build 17.0.17+10-LTS, mixed mode, sharing)

[debug] [2025-11-28T05:33:39.049Z] Parsed Java major version: 17
[warn] !!  emulators: firebase-tools will drop support for Java version < 21 soon in firebase-tools@15. Please install a JDK at version 21 or above to get a compatible runtime. 
[info] i  emulators: Starting emulators: auth, firestore {"metadata":{"emulator":{"name":"hub"},"message":"Starting emulators: auth, firestore"}}
[debug] [2025-11-28T05:33:39.483Z] [logging] Logging Emulator only supports listening on one address (127.0.0.1). Not listening on ::1
[debug] [2025-11-28T05:33:39.484Z] [auth] Authentication Emulator only supports listening on one address (127.0.0.1). Not listening on ::1
[debug] [2025-11-28T05:33:39.484Z] [firestore] Firestore Emulator only supports listening on one address (127.0.0.1). Not listening on ::1
[debug] [2025-11-28T05:33:39.484Z] [firestore.websocket] websocket server for firestore only supports listening on one address (127.0.0.1). Not listening on ::1
[debug] [2025-11-28T05:33:39.484Z] assigned listening specs for emulators {"user":{"hub":[{"address":"127.0.0.1","family":"IPv4","port":4400},{"address":"::1","family":"IPv6","port":4400}],"ui":[{"address":"127.0.0.1","family":"IPv4","port":4000},{"address":"::1","family":"IPv6","port":4000}],"logging":[{"address":"127.0.0.1","family":"IPv4","port":4500}],"auth":[{"address":"127.0.0.1","family":"IPv4","port":9099}],"firestore":[{"address":"127.0.0.1","family":"IPv4","port":8080}],"firestore.websocket":[{"address":"127.0.0.1","family":"IPv4","port":9150}]},"metadata":{"message":"assigned listening specs for emulators"}}
[debug] [2025-11-28T05:33:39.528Z] Emulator locator file path: C:\Users\cash\AppData\Local\Temp\hub-invoice-app-f0e3c.json
[debug] [2025-11-28T05:33:39.529Z] [hub] writing locator at C:\Users\cash\AppData\Local\Temp\hub-invoice-app-f0e3c.json
[warn] !  firestore: Cloud Firestore Emulator does not support multiple databases yet. {"metadata":{"emulator":{"name":"firestore"},"message":"Cloud Firestore Emulator does not support multiple databases yet."}}
[warn] !  firestore: Did not find a Cloud Firestore rules file specified in a firebase.json config file. {"metadata":{"emulator":{"name":"firestore"},"message":"Did not find a Cloud Firestore rules file specified in a firebase.json config file."}}
[warn] !  firestore: The emulator will default to allowing all reads and writes. Learn more about this option: https://firebase.google.com/docs/emulator-suite/install_and_configure#security_rules_configuration. {"metadata":{"emulator":{"name":"firestore"},"message":"The emulator will default to allowing all reads and writes. Learn more about this option: https://firebase.google.com/docs/emulator-suite/install_and_configure#security_rules_configuration."}}
[debug] [2025-11-28T05:33:39.771Z] Ignoring unsupported arg: auto_download {"metadata":{"emulator":{"name":"firestore"},"message":"Ignoring unsupported arg: auto_download"}}
[debug] [2025-11-28T05:33:39.772Z] Ignoring unsupported arg: single_project_mode_error {"metadata":{"emulator":{"name":"firestore"},"message":"Ignoring unsupported arg: single_project_mode_error"}}
[debug] [2025-11-28T05:33:39.772Z] Starting Firestore Emulator with command {"binary":"java","args":["-Dgoogle.cloud_firestore.debug_log_level=FINE","-Duser.language=en","-jar","C:\\Users\\cash\\.cache\\firebase\\emulators\\cloud-firestore-emulator-v1.19.8.jar","--host","127.0.0.1","--port",8080,"--websocket_port",9150,"--project_id","invoice-app-f0e3c","--single_project_mode",true],"optionalArgs":["port","webchannel_port","host","rules","websocket_port","functions_emulator","seed_from_export","project_id","single_project_mode"],"joinArgs":false,"shell":false,"port":8080} {"metadata":{"emulator":{"name":"firestore"},"message":"Starting Firestore Emulator with command {\"binary\":\"java\",\"args\":[\"-Dgoogle.cloud_firestore.debug_log_level=FINE\",\"-Duser.language=en\",\"-jar\",\"C:\\\\Users\\\\cash\\\\.cache\\\\firebase\\\\emulators\\\\cloud-firestore-emulator-v1.19.8.jar\",\"--host\",\"127.0.0.1\",\"--port\",8080,\"--websocket_port\",9150,\"--project_id\",\"invoice-app-f0e3c\",\"--single_project_mode\",true],\"optionalArgs\":[\"port\",\"webchannel_port\",\"host\",\"rules\",\"websocket_port\",\"functions_emulator\",\"seed_from_export\",\"project_id\",\"single_project_mode\"],\"joinArgs\":false,\"shell\":false,\"port\":8080}"}}
[info] i  firestore: Firestore Emulator logging to firestore-debug.log {"metadata":{"emulator":{"name":"firestore"},"message":"Firestore Emulator logging to \u001b[1mfirestore-debug.log\u001b[22m"}}
[debug] [2025-11-28T05:34:08.364Z] Nov 28, 2025 7:34:07 AM com.google.cloud.datastore.emulator.firestore.websocket.WebSocketServer start
INFO: Started WebSocket server on ws://127.0.0.1:9150
 {"metadata":{"emulator":{"name":"firestore"},"message":"Nov 28, 2025 7:34:07 AM com.google.cloud.datastore.emulator.firestore.websocket.WebSocketServer start\r\nINFO: Started WebSocket server on ws://127.0.0.1:9150\r\n"}}
[debug] [2025-11-28T05:34:08.657Z] API endpoint: http:// {"metadata":{"emulator":{"name":"firestore"},"message":"API endpoint: http://"}}
[debug] [2025-11-28T05:34:08.658Z] 127.0.0.1:8080
If you are using a library that supports the FIRESTORE_EMULATOR_HOST environment variable, run:

   export FIRESTORE_EMULATOR_HOST=127.0.0.1:8080

If you are running a Firestore in Datastore Mode project, run:

   export DATASTORE_EMULATOR_HOST=127.0.0.1:8080

Note: Support for Datastore Mode is in preview. If you encounter any bugs please file at https://github.com/firebase/firebase-tools/issues.
Dev App Server is now running.

 {"metadata":{"emulator":{"name":"firestore"},"message":"127.0.0.1:8080\nIf you are using a library that supports the FIRESTORE_EMULATOR_HOST environment variable, run:\r\n\n   export FIRESTORE_EMULATOR_HOST=127.0.0.1:8080\n\nIf you are running a Firestore in Datastore Mode project, run:\r\n\n   export DATASTORE_EMULATOR_HOST=127.0.0.1:8080\n\nNote: Support for Datastore Mode is in preview. If you encounter any bugs please file at https://github.com/firebase/firebase-tools/issues.\r\nDev App Server is now running.\n\r\n"}}
[info] +  firestore: Firestore Emulator UI websocket is running on 9150. {"metadata":{"emulator":{"name":"firestore"},"message":"Firestore Emulator UI websocket is running on 9150."}}
[info] i  ui: downloading ui-v1.15.0.zip... {"metadata":{"emulator":{"name":"ui"},"message":"downloading ui-v1.15.0.zip..."}}
[debug] [2025-11-28T05:34:26.697Z] >>> [apiv2][query] GET https://storage.googleapis.com/firebase-preview-drop/emulator/ui-v1.15.0.zip 
[debug] [2025-11-28T05:34:28.410Z] <<< [apiv2][status] GET https://storage.googleapis.com/firebase-preview-drop/emulator/ui-v1.15.0.zip 200
[debug] [2025-11-28T05:34:28.410Z] <<< [apiv2][body] GET https://storage.googleapis.com/firebase-preview-drop/emulator/ui-v1.15.0.zip [stream]
[debug] [2025-11-28T05:34:30.568Z] Data is 3538469
[debug] [2025-11-28T05:34:30.589Z] [unzip] Entry: client/ (compressed_size=0 bytes, uncompressed_size=0 bytes)
[debug] [2025-11-28T05:34:30.589Z] [unzip] Processing entry: client\
[debug] [2025-11-28T05:34:30.589Z] [unzip] mkdir: C:\Users\cash\.cache\firebase\emulators\ui-v1.15.0\client\
[debug] [2025-11-28T05:34:30.626Z] [unzip] Entry: client/favicon-16x16.png (compressed_size=293 bytes, uncompressed_size=293 bytes)
[debug] [2025-11-28T05:34:30.626Z] [unzip] Processing entry: client\favicon-16x16.png
[debug] [2025-11-28T05:34:30.627Z] [unzip] else mkdir: C:\Users\cash\.cache\firebase\emulators\ui-v1.15.0\client
[debug] [2025-11-28T05:34:30.627Z] [unzip] Writing file: C:\Users\cash\.cache\firebase\emulators\ui-v1.15.0\client\favicon-16x16.png
[debug] [2025-11-28T05:34:30.651Z] [unzip] Entry: client/safari-pinned-tab.svg (compressed_size=1433 bytes, uncompressed_size=2611 bytes)
[debug] [2025-11-28T05:34:30.651Z] [unzip] Processing entry: client\safari-pinned-tab.svg
[debug] [2025-11-28T05:34:30.651Z] [unzip] else mkdir: C:\Users\cash\.cache\firebase\emulators\ui-v1.15.0\client
[debug] [2025-11-28T05:34:30.652Z] [unzip] deflating: C:\Users\cash\.cache\firebase\emulators\ui-v1.15.0\client\safari-pinned-tab.svg
[debug] [2025-11-28T05:34:31.083Z] [unzip] Entry: client/favicon.ico (compressed_size=2933 bytes, uncompressed_size=13294 bytes)
[debug] [2025-11-28T05:34:31.083Z] [unzip] Processing entry: client\favicon.ico
[debug] [2025-11-28T05:34:31.083Z] [unzip] else mkdir: C:\Users\cash\.cache\firebase\emulators\ui-v1.15.0\client
[debug] [2025-11-28T05:34:31.084Z] [unzip] deflating: C:\Users\cash\.cache\firebase\emulators\ui-v1.15.0\client\favicon.ico
[debug] [2025-11-28T05:34:31.088Z] [unzip] Entry: client/index.html (compressed_size=1364 bytes, uncompressed_size=3071 bytes)
[debug] [2025-11-28T05:34:31.089Z] [unzip] Processing entry: client\index.html
[debug] [2025-11-28T05:34:31.089Z] [unzip] else mkdir: C:\Users\cash\.cache\firebase\emulators\ui-v1.15.0\client
[debug] [2025-11-28T05:34:31.089Z] [unzip] deflating: C:\Users\cash\.cache\firebase\emulators\ui-v1.15.0\client\index.html
[debug] [2025-11-28T05:34:31.135Z] [unzip] Entry: client/android-chrome-192x192.png (compressed_size=2684 bytes, uncompressed_size=2684 bytes)
[debug] [2025-11-28T05:34:31.135Z] [unzip] Processing entry: client\android-chrome-192x192.png
[debug] [2025-11-28T05:34:31.135Z] [unzip] else mkdir: C:\Users\cash\.cache\firebase\emulators\ui-v1.15.0\client
[debug] [2025-11-28T05:34:31.139Z] [unzip] Writing file: C:\Users\cash\.cache\firebase\emulators\ui-v1.15.0\client\android-chrome-192x192.png
[debug] [2025-11-28T05:34:31.372Z] [unzip] Entry: client/apple-touch-icon.png (compressed_size=2123 bytes, uncompressed_size=2152 bytes)
[debug] [2025-11-28T05:34:31.372Z] [unzip] Processing entry: client\apple-touch-icon.png
[debug] [2025-11-28T05:34:31.372Z] [unzip] else mkdir: C:\Users\cash\.cache\firebase\emulators\ui-v1.15.0\client
[debug] [2025-11-28T05:34:31.373Z] [unzip] deflating: C:\Users\cash\.cache\firebase\emulators\ui-v1.15.0\client\apple-touch-icon.png
[debug] [2025-11-28T05:34:31.378Z] [unzip] Entry: client/android-chrome-512x512.png (compressed_size=5369 bytes, uncompressed_size=5411 bytes)
[debug] [2025-11-28T05:34:31.379Z] [unzip] Processing entry: client\android-chrome-512x512.png
[debug] [2025-11-28T05:34:31.379Z] [unzip] else mkdir: C:\Users\cash\.cache\firebase\emulators\ui-v1.15.0\client
[debug] [2025-11-28T05:34:31.380Z] [unzip] deflating: C:\Users\cash\.cache\firebase\emulators\ui-v1.15.0\client\android-chrome-512x512.png
[debug] [2025-11-28T05:34:31.445Z] [unzip] Entry: client/manifest.json (compressed_size=245 bytes, uncompressed_size=551 bytes)
[debug] [2025-11-28T05:34:31.445Z] [unzip] Processing entry: client\manifest.json
[debug] [2025-11-28T05:34:31.445Z] [unzip] else mkdir: C:\Users\cash\.cache\firebase\emulators\ui-v1.15.0\client
[debug] [2025-11-28T05:34:31.447Z] [unzip] deflating: C:\Users\cash\.cache\firebase\emulators\ui-v1.15.0\client\manifest.json
[debug] [2025-11-28T05:34:31.457Z] [unzip] Entry: client/robots.txt (compressed_size=26 bytes, uncompressed_size=26 bytes)
[debug] [2025-11-28T05:34:31.458Z] [unzip] Processing entry: client\robots.txt
[debug] [2025-11-28T05:34:31.458Z] [unzip] else mkdir: C:\Users\cash\.cache\firebase\emulators\ui-v1.15.0\client
[debug] [2025-11-28T05:34:31.459Z] [unzip] Writing file: C:\Users\cash\.cache\firebase\emulators\ui-v1.15.0\client\robots.txt
[debug] [2025-11-28T05:34:31.462Z] [unzip] Entry: client/mstile-150x150.png (compressed_size=2034 bytes, uncompressed_size=2034 bytes)
[debug] [2025-11-28T05:34:31.462Z] [unzip] Processing entry: client\mstile-150x150.png
[debug] [2025-11-28T05:34:31.462Z] [unzip] else mkdir: C:\Users\cash\.cache\firebase\emulators\ui-v1.15.0\client
[debug] [2025-11-28T05:34:31.463Z] [unzip] Writing file: C:\Users\cash\.cache\firebase\emulators\ui-v1.15.0\client\mstile-150x150.png
[debug] [2025-11-28T05:34:31.465Z] [unzip] Entry: client/assets/ (compressed_size=0 bytes, uncompressed_size=0 bytes)
[debug] [2025-11-28T05:34:31.466Z] [unzip] Processing entry: client\assets\
[debug] [2025-11-28T05:34:31.466Z] [unzip] mkdir: C:\Users\cash\.cache\firebase\emulators\ui-v1.15.0\client\assets\
[debug] [2025-11-28T05:34:31.496Z] [unzip] Entry: client/assets/index-BX-A56oj.js (compressed_size=582089 bytes, uncompressed_size=2092775 bytes)
[debug] [2025-11-28T05:34:31.496Z] [unzip] Processing entry: client\assets\index-BX-A56oj.js
[debug] [2025-11-28T05:34:31.496Z] [unzip] else mkdir: C:\Users\cash\.cache\firebase\emulators\ui-v1.15.0\client\assets
[debug] [2025-11-28T05:34:31.501Z] [unzip] deflating: C:\Users\cash\.cache\firebase\emulators\ui-v1.15.0\client\assets\index-BX-A56oj.js
[debug] [2025-11-28T05:34:31.602Z] [unzip] Entry: client/assets/index-CjB9C900.css (compressed_size=35979 bytes, uncompressed_size=298654 bytes)
[debug] [2025-11-28T05:34:31.603Z] [unzip] Processing entry: client\assets\index-CjB9C900.css
[debug] [2025-11-28T05:34:31.603Z] [unzip] else mkdir: C:\Users\cash\.cache\firebase\emulators\ui-v1.15.0\client\assets
[debug] [2025-11-28T05:34:31.604Z] [unzip] deflating: C:\Users\cash\.cache\firebase\emulators\ui-v1.15.0\client\assets\index-CjB9C900.css
[debug] [2025-11-28T05:34:31.613Z] [unzip] Entry: client/assets/index-BX-A56oj.js.map (compressed_size=2362482 bytes, uncompressed_size=10036679 bytes)
[debug] [2025-11-28T05:34:31.614Z] [unzip] Processing entry: client\assets\index-BX-A56oj.js.map
[debug] [2025-11-28T05:34:31.614Z] [unzip] else mkdir: C:\Users\cash\.cache\firebase\emulators\ui-v1.15.0\client\assets
[debug] [2025-11-28T05:34:31.615Z] [unzip] deflating: C:\Users\cash\.cache\firebase\emulators\ui-v1.15.0\client\assets\index-BX-A56oj.js.map
[debug] [2025-11-28T05:34:32.073Z] [unzip] Entry: client/assets/extensions/ (compressed_size=0 bytes, uncompressed_size=0 bytes)
[debug] [2025-11-28T05:34:32.074Z] [unzip] Processing entry: client\assets\extensions\
[debug] [2025-11-28T05:34:32.074Z] [unzip] mkdir: C:\Users\cash\.cache\firebase\emulators\ui-v1.15.0\client\assets\extensions\
[debug] [2025-11-28T05:34:32.111Z] [unzip] Entry: client/assets/extensions/default-extension.png (compressed_size=1646 bytes, uncompressed_size=1657 bytes)
[debug] [2025-11-28T05:34:32.112Z] [unzip] Processing entry: client\assets\extensions\default-extension.png
[debug] [2025-11-28T05:34:32.112Z] [unzip] else mkdir: C:\Users\cash\.cache\firebase\emulators\ui-v1.15.0\client\assets\extensions
[debug] [2025-11-28T05:34:32.113Z] [unzip] deflating: C:\Users\cash\.cache\firebase\emulators\ui-v1.15.0\client\assets\extensions\default-extension.png
[debug] [2025-11-28T05:34:32.131Z] [unzip] Entry: client/assets/img/ (compressed_size=0 bytes, uncompressed_size=0 bytes)
[debug] [2025-11-28T05:34:32.132Z] [unzip] Processing entry: client\assets\img\
[debug] [2025-11-28T05:34:32.132Z] [unzip] mkdir: C:\Users\cash\.cache\firebase\emulators\ui-v1.15.0\client\assets\img\
[debug] [2025-11-28T05:34:32.133Z] [unzip] Entry: client/assets/img/database.png (compressed_size=29449 bytes, uncompressed_size=29988 bytes)
[debug] [2025-11-28T05:34:32.133Z] [unzip] Processing entry: client\assets\img\database.png
[debug] [2025-11-28T05:34:32.133Z] [unzip] else mkdir: C:\Users\cash\.cache\firebase\emulators\ui-v1.15.0\client\assets\img
[debug] [2025-11-28T05:34:32.134Z] [unzip] deflating: C:\Users\cash\.cache\firebase\emulators\ui-v1.15.0\client\assets\img\database.png
[debug] [2025-11-28T05:34:32.159Z] [unzip] Entry: client/assets/provider-icons/ (compressed_size=0 bytes, uncompressed_size=0 bytes)
[debug] [2025-11-28T05:34:32.159Z] [unzip] Processing entry: client\assets\provider-icons\
[debug] [2025-11-28T05:34:32.159Z] [unzip] mkdir: C:\Users\cash\.cache\firebase\emulators\ui-v1.15.0\client\assets\provider-icons\
[debug] [2025-11-28T05:34:32.160Z] [unzip] Entry: client/assets/provider-icons/auth_service_saml.svg (compressed_size=575 bytes, uncompressed_size=1226 bytes)
[debug] [2025-11-28T05:34:32.160Z] [unzip] Processing entry: client\assets\provider-icons\auth_service_saml.svg
[debug] [2025-11-28T05:34:32.160Z] [unzip] else mkdir: C:\Users\cash\.cache\firebase\emulators\ui-v1.15.0\client\assets\provider-icons
[debug] [2025-11-28T05:34:32.161Z] [unzip] deflating: C:\Users\cash\.cache\firebase\emulators\ui-v1.15.0\client\assets\provider-icons\auth_service_saml.svg
[debug] [2025-11-28T05:34:32.163Z] [unzip] Entry: client/assets/provider-icons/auth_service_phone.svg (compressed_size=261 bytes, uncompressed_size=414 bytes)
[debug] [2025-11-28T05:34:32.164Z] [unzip] Processing entry: client\assets\provider-icons\auth_service_phone.svg
[debug] [2025-11-28T05:34:32.164Z] [unzip] else mkdir: C:\Users\cash\.cache\firebase\emulators\ui-v1.15.0\client\assets\provider-icons
[debug] [2025-11-28T05:34:32.164Z] [unzip] deflating: C:\Users\cash\.cache\firebase\emulators\ui-v1.15.0\client\assets\provider-icons\auth_service_phone.svg
[debug] [2025-11-28T05:34:32.167Z] [unzip] Entry: client/assets/provider-icons/auth_service_facebook.svg (compressed_size=289 bytes, uncompressed_size=457 bytes)
[debug] [2025-11-28T05:34:32.167Z] [unzip] Processing entry: client\assets\provider-icons\auth_service_facebook.svg
[debug] [2025-11-28T05:34:32.168Z] [unzip] else mkdir: C:\Users\cash\.cache\firebase\emulators\ui-v1.15.0\client\assets\provider-icons
[debug] [2025-11-28T05:34:32.169Z] [unzip] deflating: C:\Users\cash\.cache\firebase\emulators\ui-v1.15.0\client\assets\provider-icons\auth_service_facebook.svg
[debug] [2025-11-28T05:34:32.172Z] [unzip] Entry: client/assets/provider-icons/auth_service_game_center.svg (compressed_size=991 bytes, uncompressed_size=3921 bytes)
[debug] [2025-11-28T05:34:32.172Z] [unzip] Processing entry: client\assets\provider-icons\auth_service_game_center.svg
[debug] [2025-11-28T05:34:32.172Z] [unzip] else mkdir: C:\Users\cash\.cache\firebase\emulators\ui-v1.15.0\client\assets\provider-icons
[debug] [2025-11-28T05:34:32.173Z] [unzip] deflating: C:\Users\cash\.cache\firebase\emulators\ui-v1.15.0\client\assets\provider-icons\auth_service_game_center.svg
[debug] [2025-11-28T05:34:32.176Z] [unzip] Entry: client/assets/provider-icons/auth_service_apple.svg (compressed_size=230 bytes, uncompressed_size=334 bytes)
[debug] [2025-11-28T05:34:32.176Z] [unzip] Processing entry: client\assets\provider-icons\auth_service_apple.svg
[debug] [2025-11-28T05:34:32.177Z] [unzip] else mkdir: C:\Users\cash\.cache\firebase\emulators\ui-v1.15.0\client\assets\provider-icons
[debug] [2025-11-28T05:34:32.178Z] [unzip] deflating: C:\Users\cash\.cache\firebase\emulators\ui-v1.15.0\client\assets\provider-icons\auth_service_apple.svg
[debug] [2025-11-28T05:34:32.180Z] [unzip] Entry: client/assets/provider-icons/auth_service_github.svg (compressed_size=466 bytes, uncompressed_size=838 bytes)
[debug] [2025-11-28T05:34:32.180Z] [unzip] Processing entry: client\assets\provider-icons\auth_service_github.svg
[debug] [2025-11-28T05:34:32.180Z] [unzip] else mkdir: C:\Users\cash\.cache\firebase\emulators\ui-v1.15.0\client\assets\provider-icons
[debug] [2025-11-28T05:34:32.181Z] [unzip] deflating: C:\Users\cash\.cache\firebase\emulators\ui-v1.15.0\client\assets\provider-icons\auth_service_github.svg
[debug] [2025-11-28T05:34:32.183Z] [unzip] Entry: client/assets/provider-icons/auth_service_mslive.svg (compressed_size=203 bytes, uncompressed_size=378 bytes)
[debug] [2025-11-28T05:34:32.183Z] [unzip] Processing entry: client\assets\provider-icons\auth_service_mslive.svg
[debug] [2025-11-28T05:34:32.183Z] [unzip] else mkdir: C:\Users\cash\.cache\firebase\emulators\ui-v1.15.0\client\assets\provider-icons
[debug] [2025-11-28T05:34:32.184Z] [unzip] deflating: C:\Users\cash\.cache\firebase\emulators\ui-v1.15.0\client\assets\provider-icons\auth_service_mslive.svg
[debug] [2025-11-28T05:34:32.187Z] [unzip] Entry: client/assets/provider-icons/auth_service_yahoo.svg (compressed_size=577 bytes, uncompressed_size=1182 bytes)
[debug] [2025-11-28T05:34:32.187Z] [unzip] Processing entry: client\assets\provider-icons\auth_service_yahoo.svg
[debug] [2025-11-28T05:34:32.187Z] [unzip] else mkdir: C:\Users\cash\.cache\firebase\emulators\ui-v1.15.0\client\assets\provider-icons
[debug] [2025-11-28T05:34:32.188Z] [unzip] deflating: C:\Users\cash\.cache\firebase\emulators\ui-v1.15.0\client\assets\provider-icons\auth_service_yahoo.svg
[debug] [2025-11-28T05:34:32.192Z] [unzip] Entry: client/assets/provider-icons/auth_service_twitter.svg (compressed_size=444 bytes, uncompressed_size=751 bytes)
[debug] [2025-11-28T05:34:32.192Z] [unzip] Processing entry: client\assets\provider-icons\auth_service_twitter.svg
[debug] [2025-11-28T05:34:32.193Z] [unzip] else mkdir: C:\Users\cash\.cache\firebase\emulators\ui-v1.15.0\client\assets\provider-icons
[debug] [2025-11-28T05:34:32.193Z] [unzip] deflating: C:\Users\cash\.cache\firebase\emulators\ui-v1.15.0\client\assets\provider-icons\auth_service_twitter.svg
[debug] [2025-11-28T05:34:32.196Z] [unzip] Entry: client/assets/provider-icons/auth_service_play_games.svg (compressed_size=565 bytes, uncompressed_size=1173 bytes)
[debug] [2025-11-28T05:34:32.196Z] [unzip] Processing entry: client\assets\provider-icons\auth_service_play_games.svg
[debug] [2025-11-28T05:34:32.196Z] [unzip] else mkdir: C:\Users\cash\.cache\firebase\emulators\ui-v1.15.0\client\assets\provider-icons
[debug] [2025-11-28T05:34:32.197Z] [unzip] deflating: C:\Users\cash\.cache\firebase\emulators\ui-v1.15.0\client\assets\provider-icons\auth_service_play_games.svg
[debug] [2025-11-28T05:34:32.201Z] [unzip] Entry: client/assets/provider-icons/auth_service_email.svg (compressed_size=228 bytes, uncompressed_size=326 bytes)
[debug] [2025-11-28T05:34:32.201Z] [unzip] Processing entry: client\assets\provider-icons\auth_service_email.svg
[debug] [2025-11-28T05:34:32.201Z] [unzip] else mkdir: C:\Users\cash\.cache\firebase\emulators\ui-v1.15.0\client\assets\provider-icons
[debug] [2025-11-28T05:34:32.203Z] [unzip] deflating: C:\Users\cash\.cache\firebase\emulators\ui-v1.15.0\client\assets\provider-icons\auth_service_email.svg
[debug] [2025-11-28T05:34:32.207Z] [unzip] Entry: client/assets/provider-icons/auth_service_google.svg (compressed_size=409 bytes, uncompressed_size=720 bytes)
[debug] [2025-11-28T05:34:32.208Z] [unzip] Processing entry: client\assets\provider-icons\auth_service_google.svg
[debug] [2025-11-28T05:34:32.208Z] [unzip] else mkdir: C:\Users\cash\.cache\firebase\emulators\ui-v1.15.0\client\assets\provider-icons
[debug] [2025-11-28T05:34:32.209Z] [unzip] deflating: C:\Users\cash\.cache\firebase\emulators\ui-v1.15.0\client\assets\provider-icons\auth_service_google.svg
[debug] [2025-11-28T05:34:32.304Z] [unzip] Entry: client/assets/provider-icons/auth_service_oidc.svg (compressed_size=414 bytes, uncompressed_size=858 bytes)
[debug] [2025-11-28T05:34:32.305Z] [unzip] Processing entry: client\assets\provider-icons\auth_service_oidc.svg
[debug] [2025-11-28T05:34:32.305Z] [unzip] else mkdir: C:\Users\cash\.cache\firebase\emulators\ui-v1.15.0\client\assets\provider-icons
[debug] [2025-11-28T05:34:32.306Z] [unzip] deflating: C:\Users\cash\.cache\firebase\emulators\ui-v1.15.0\client\assets\provider-icons\auth_service_oidc.svg
[debug] [2025-11-28T05:34:32.329Z] [unzip] Entry: client/browserconfig.xml (compressed_size=491 bytes, uncompressed_size=822 bytes)
[debug] [2025-11-28T05:34:32.330Z] [unzip] Processing entry: client\browserconfig.xml
[debug] [2025-11-28T05:34:32.330Z] [unzip] else mkdir: C:\Users\cash\.cache\firebase\emulators\ui-v1.15.0\client
[debug] [2025-11-28T05:34:32.331Z] [unzip] deflating: C:\Users\cash\.cache\firebase\emulators\ui-v1.15.0\client\browserconfig.xml
[debug] [2025-11-28T05:34:32.333Z] [unzip] Entry: client/favicon-32x32.png (compressed_size=475 bytes, uncompressed_size=475 bytes)
[debug] [2025-11-28T05:34:32.333Z] [unzip] Processing entry: client\favicon-32x32.png
[debug] [2025-11-28T05:34:32.333Z] [unzip] else mkdir: C:\Users\cash\.cache\firebase\emulators\ui-v1.15.0\client
[debug] [2025-11-28T05:34:32.334Z] [unzip] Writing file: C:\Users\cash\.cache\firebase\emulators\ui-v1.15.0\client\favicon-32x32.png
[debug] [2025-11-28T05:34:32.336Z] [unzip] Entry: server/ (compressed_size=0 bytes, uncompressed_size=0 bytes)
[debug] [2025-11-28T05:34:32.337Z] [unzip] Processing entry: server\
[debug] [2025-11-28T05:34:32.337Z] [unzip] mkdir: C:\Users\cash\.cache\firebase\emulators\ui-v1.15.0\server\
[debug] [2025-11-28T05:34:32.338Z] [unzip] Entry: server/server.mjs.map (compressed_size=217845 bytes, uncompressed_size=944978 bytes)
[debug] [2025-11-28T05:34:32.338Z] [unzip] Processing entry: server\server.mjs.map
[debug] [2025-11-28T05:34:32.338Z] [unzip] else mkdir: C:\Users\cash\.cache\firebase\emulators\ui-v1.15.0\server
[debug] [2025-11-28T05:34:32.339Z] [unzip] deflating: C:\Users\cash\.cache\firebase\emulators\ui-v1.15.0\server\server.mjs.map
[debug] [2025-11-28T05:34:32.399Z] [unzip] Entry: server/server.mjs (compressed_size=276407 bytes, uncompressed_size=933701 bytes)
[debug] [2025-11-28T05:34:32.400Z] [unzip] Processing entry: server\server.mjs
[debug] [2025-11-28T05:34:32.400Z] [unzip] else mkdir: C:\Users\cash\.cache\firebase\emulators\ui-v1.15.0\server
[debug] [2025-11-28T05:34:32.401Z] [unzip] deflating: C:\Users\cash\.cache\firebase\emulators\ui-v1.15.0\server\server.mjs
[debug] [2025-11-28T05:34:32.475Z] Could not find VSCode notification endpoint: FetchError: request to http://localhost:40001/vscode/notify failed, reason: . If you are not running the Firebase Data Connect VSCode extension, this is expected and not an issue.
[info] 
┌─────────────────────────────────────────────────────────────┐
│ ✔  All emulators ready! It is now safe to connect your app. │
│ i  View Emulator UI at http://127.0.0.1:4000/               │
└─────────────────────────────────────────────────────────────┘

┌────────────────┬────────────────┬─────────────────────────────────┐
│ Emulator       │ Host:Port      │ View in Emulator UI             │
├────────────────┼────────────────┼─────────────────────────────────┤
│ Authentication │ 127.0.0.1:9099 │ http://127.0.0.1:4000/auth      │
├────────────────┼────────────────┼─────────────────────────────────┤
│ Firestore      │ 127.0.0.1:8080 │ http://127.0.0.1:4000/firestore │
└────────────────┴────────────────┴─────────────────────────────────┘
  Emulator Hub host: 127.0.0.1 port: 4400
  Other reserved ports: 4500, 9150

Issues? Report them at https://github.com/firebase/firebase-tools/issues and attach the *-debug.log files.
 
[warn] !  emulators: firebase-tools will drop support for Java version < 21 soon in firebase-tools@15. Please install a JDK at version 21 or above to get a compatible runtime. 
[debug] [2025-11-28T05:37:09.677Z] Nov 28, 2025 7:37:09 AM com.google.cloud.datastore.emulator.firestore.websocket.WebSocketChannelHandler initChannel
INFO: Connected to new websocket client
 {"metadata":{"emulator":{"name":"firestore"},"message":"Nov 28, 2025 7:37:09 AM com.google.cloud.datastore.emulator.firestore.websocket.WebSocketChannelHandler initChannel\r\nINFO: Connected to new websocket client\r\n"}}
[debug] [2025-11-28T05:59:02.223Z] Nov 28, 2025 7:58:58 AM com.google.cloud.datastore.emulator.firestore.websocket.WebSocketChannelHandler channelClosed
INFO: Websocket client disconnected
 {"metadata":{"emulator":{"name":"firestore"},"message":"Nov 28, 2025 7:58:58 AM com.google.cloud.datastore.emulator.firestore.websocket.WebSocketChannelHandler channelClosed\r\nINFO: Websocket client disconnected\r\n"}}
